<html>
<body>
<pre>
<h1>µVision Build Log</h1>
<h2>Tool Versions:</h2>
IDE-Version: ¦ÌVision V5.23.0.0
Copyright (C) 2017 ARM Ltd and ARM Germany GmbH. All rights reserved.
License Information: Xie Feng, XF, LIC=MGX8T-RKUMD-KTA3H-WZPIA-93MTS-78MY8
 
Tool Versions:
Toolchain:       MDK-ARM Professional  Version: 5.23
Toolchain Path:  D:\Program Files (x86)\MDK523\ARM\ARMCC\Bin
C Compiler:      Armcc.exe V5.06 update 4 (build 422)
Assembler:       Armasm.exe V5.06 update 4 (build 422)
Linker/Locator:  ArmLink.exe V5.06 update 4 (build 422)
Library Manager: ArmAr.exe V5.06 update 4 (build 422)
Hex Converter:   FromElf.exe V5.06 update 4 (build 422)
CPU DLL:         SARMCM3.DLL V5.23
Dialog DLL:      DCM.DLL V1.15.0.0
Target DLL:      CMSIS_AGDI.dll V1.27.5.0
Dialog DLL:      TCM.DLL V1.27.0.0
 
<h2>Project:</h2>
E:\Robot Data\4WD-M3508-Driver\CAN-Driver\CAN-Driver\MDK-ARM\3508MotorDrive.uvprojx
Project File Date:  05/11/2019

<h2>Output:</h2>
*** Using Compiler 'V5.06 update 4 (build 422)', folder: 'D:\Program Files (x86)\MDK523\ARM\ARMCC\Bin'
Build target '3508MotorDrive'
compiling main.c...
../Drivers/STM32F1xx_HAL_Driver/Inc/stm32f1xx_hal_rcc.h(74): warning:  #47-D: incompatible redefinition of macro "LSI_VALUE"  (declared at line 121 of "../Inc/stm32f1xx_hal_conf.h")
  #define LSI_VALUE                 ((uint32_t)40000)  /* 40kHz */
../Src/main.c: 1 warning, 0 errors
linking...
Program Size: Code=24660 RO-data=6252 RW-data=28 ZI-data=4708  
FromELF: creating hex file...
"3508MotorDrive\3508MotorDrive.axf" - 0 Error(s), 1 Warning(s).

<h2>Collection of Component include folders:</h2>
  .\RTE\_3508MotorDrive
  D:\Program Files (x86)\MDK523\ARM\PACK\Keil\STM32F1xx_DFP\2.2.0\Device\Include

<h2>Collection of Component Files used:</h2>
Build Time Elapsed:  00:00:03
</pre>
</body>
</html>
